[pose_graph_manager-10] [INFO] [1777560719.848111916] [r1.cslam_pose_graph_manager]: [DEBUG_BACKEND_PIPELINE] pose published topic=/r1/cslam/current_pose_estimate frame=robot1_map pos=(0.000, 0.000, 0.000)
[pose_graph_manager-14] [WARN] [1777560719.884954001] [r2.cslam_pose_graph_manager]: [DEBUG_BACKEND_PIPELINE] no keyframe odometry received yet; pose output may stay at default.
[pose_graph_manager-14] [INFO] [1777560719.887817298] [r2.cslam_pose_graph_manager]: [DEBUG_BACKEND_PIPELINE] pose published topic=/r2/cslam/current_pose_estimate frame=robot2_map pos=(0.000, 0.000, 0.000)
[pose_graph_manager-6] [WARN] [1777560719.904429561] [r0.cslam_pose_graph_manager]: [DEBUG_BACKEND_PIPELINE] no keyframe odometry received yet; pose output may stay at default.
[pose_graph_manager-6] [INFO] [1777560719.904777884] [r0.cslam_pose_graph_manager]: [DEBUG_BACKEND_PIPELINE] pose published topic=/r0/cslam/current_pose_estimate frame=robot0_map pos=(0.000, 0.000, 0.000)
[pose_graph_manager-10] [WARN] [1777560719.945202659] [r1.cslam_pose_graph_manager]: [DEBUG_BACKEND_PIPELINE] no keyframe odometry received yet; pose output may stay at default.
[pose_graph_manager-10] [INFO] [1777560719.945469074] [r1.cslam_pose_graph_manager]: [DEBUG_BACKEND_PIPELINE] pose published topic=/r1/cslam/current_pose_estimate frame=robot1_map pos=(0.000, 0.000, 0.000)
[pose_graph_manager-14] [WARN] [1777560719.986710218] [r2.cslam_pose_graph_manager]: [DEBUG_BACKEND_PIPELINE] no keyframe odometry received yet; pose output may stay at default.
[pose_graph_manager-14] [INFO] [1777560719.989436531] [r2.cslam_pose_graph_manager]: [DEBUG_BACKEND_PIPELINE] pose published topic=/r2/cslam/current_pose_estimate frame=robot2_map pos=(0.000, 0.000, 0.000)
[pose_graph_manager-6] [WARN] [1777560720.002883392] [r0.cslam_pose_graph_manager]: [DEBUG_BACKEND_PIPELINE] no keyframe odometry received yet; pose output may stay at default.
[pose_graph_manager-6] [INFO] [1777560720.006709965] [r0.cslam_pose_graph_manager]: [DEBUG_BACKEND_PIPELINE] pose published topic=/r0/cslam/current_pose_estimate frame=robot0_map pos=(0.000, 0.000, 0.000)
[pose_graph_manager-10] [WARN] [1777560720.045229735] [r1.cslam_pose_graph_manager]: [DEBUG_BACKEND_PIPELINE] no keyframe odometry received yet; pose output may stay at default.
[pose_graph_manager-10] [INFO] [1777560720.045606434] [r1.cslam_pose_graph_manager]: [DEBUG_BACKEND_PIPELINE] pose published topic=/r1/cslam/current_pose_estimate frame=robot1_map pos=(0.000, 0.000, 0.000)
[pose_graph_manager-14] [WARN] [1777560720.082791918] [r2.cslam_pose_graph_manager]: [DEBUG_BACKEND_PIPELINE] no keyframe odometry received yet; pose output may stay at default.
[pose_graph_manager-14] [INFO] [1777560720.083336356] [r2.cslam_pose_graph_manager]: [DEBUG_BACKEND_PIPELINE] pose published topic=/r2/cslam/current_pose_estimate frame=robot2_map pos=(0.000, 0.000, 0.000)
[cslam_odom_tf_bridge-7] [INFO] [1777560720.093730326] [r0.cslam_odom_tf_bridge]: CSLAM TF bridge started: cslam_pose_topic='cslam/current_pose_estimate', optimizer_state_topic='cslam/optimizer_state', odom_topic='scan_matching_odometry/odom', max_anchor_time_diff_sec=2.000, odom_buffer_size=200, initialize_anchor_from_first_pose=True
[pose_graph_manager-6] [WARN] [1777560720.102114937] [r0.cslam_pose_graph_manager]: [DEBUG_BACKEND_PIPELINE] no keyframe odometry received yet; pose output may stay at default.
[pose_graph_manager-6] [INFO] [1777560720.102378063] [r0.cslam_pose_graph_manager]: [DEBUG_BACKEND_PIPELINE] pose published topic=/r0/cslam/current_pose_estimate frame=robot0_map pos=(0.000, 0.000, 0.000)
[cslam_odom_tf_bridge-11] [INFO] [1777560720.118808327] [r1.cslam_odom_tf_bridge]: CSLAM TF bridge started: cslam_pose_topic='cslam/current_pose_estimate', optimizer_state_topic='cslam/optimizer_state', odom_topic='scan_matching_odometry/odom', max_anchor_time_diff_sec=2.000, odom_buffer_size=200, initialize_anchor_from_first_pose=True
[pose_graph_manager-10] [WARN] [1777560720.145185255] [r1.cslam_pose_graph_manager]: [DEBUG_BACKEND_PIPELINE] no keyframe odometry received yet; pose output may stay at default.
[pose_graph_manager-10] [INFO] [1777560720.145953169] [r1.cslam_pose_graph_manager]: [DEBUG_BACKEND_PIPELINE] pose published topic=/r1/cslam/current_pose_estimate frame=robot1_map pos=(0.000, 0.000, 0.000)
[cslam_odom_tf_bridge-11] [WARN] [1777560720.149636182] [r1.cslam_odom_tf_bridge]: Cannot update map->odom anchor yet because no odometry samples are buffered.
[cslam_odom_tf_bridge-7] [WARN] [1777560720.161703409] [r0.cslam_odom_tf_bridge]: Cannot update map->odom anchor yet because no odometry samples are buffered.
[pose_graph_manager-14] [WARN] [1777560720.182750297] [r2.cslam_pose_graph_manager]: [DEBUG_BACKEND_PIPELINE] no keyframe odometry received yet; pose output may stay at default.
[pose_graph_manager-14] [INFO] [1777560720.184040149] [r2.cslam_pose_graph_manager]: [DEBUG_BACKEND_PIPELINE] pose published topic=/r2/cslam/current_pose_estimate frame=robot2_map pos=(0.000, 0.000, 0.000)
[pose_graph_manager-6] [WARN] [1777560720.202025067] [r0.cslam_pose_graph_manager]: [DEBUG_BACKEND_PIPELINE] no keyframe odometry received yet; pose output may stay at default.
[pose_graph_manager-6] [INFO] [1777560720.202813749] [r0.cslam_pose_graph_manager]: [DEBUG_BACKEND_PIPELINE] pose published topic=/r0/cslam/current_pose_estimate frame=robot0_map pos=(0.000, 0.000, 0.000)
[cslam_odom_tf_bridge-7] [INFO] [1777560720.203704473] [r0.cslam_odom_tf_bridge]: Updated map->odom anchor after optimization global_frame='robot0_map' odom_frame='r0/odom' base_frame='r0/base_link' dt=0.030s translation=(0.000, 0.000, 0.000)
[cslam_odom_tf_bridge-7] [INFO] [1777560720.205549612] [r0.cslam_odom_tf_bridge]: Initialized map->odom anchor from first CSLAM pose sample.
[cslam_odom_tf_bridge-15] [INFO] [1777560720.237419011] [r2.cslam_odom_tf_bridge]: CSLAM TF bridge started: cslam_pose_topic='cslam/current_pose_estimate', optimizer_state_topic='cslam/optimizer_state', odom_topic='scan_matching_odometry/odom', max_anchor_time_diff_sec=2.000, odom_buffer_size=200, initialize_anchor_from_first_pose=True
[cslam_odom_tf_bridge-15] [WARN] [1777560720.286474063] [r2.cslam_odom_tf_bridge]: Cannot update map->odom anchor yet because no odometry samples are buffered.
[loop_closure_detection_node.py-4] [INFO] [1777560720.337061593] [r0.cslam_loop_closure_detection]: [DEBUG_LC_PIPELINE] loop_closure_detection ready ns=/r0 robot_id=0 max_nb_robots=3 sensor_type=lidar descriptor_technique=scancontext sim_threshold=0.9 inter_robot_budget=1 descriptor_topic=global_descriptors inter_robot_matches_topic=inter_robot_matches
[loop_closure_detection_node.py-8] [INFO] [1777560720.535884944] [r1.cslam_loop_closure_detection]: [DEBUG_LC_PIPELINE] loop_closure_detection ready ns=/r1 robot_id=1 max_nb_robots=3 sensor_type=lidar descriptor_technique=scancontext sim_threshold=0.9 inter_robot_budget=1 descriptor_topic=global_descriptors inter_robot_matches_topic=inter_robot_matches
[loop_closure_detection_node.py-12] [INFO] [1777560720.537059873] [r2.cslam_loop_closure_detection]: [DEBUG_LC_PIPELINE] loop_closure_detection ready ns=/r2 robot_id=2 max_nb_robots=3 sensor_type=lidar descriptor_technique=scancontext sim_threshold=0.9 inter_robot_budget=1 descriptor_topic=global_descriptors inter_robot_matches_topic=inter_robot_matches
[cslam_odom_tf_bridge-15] [INFO] [1777560720.587552265] [r2.cslam_odom_tf_bridge]: Updated map->odom anchor after optimization global_frame='robot2_map' odom_frame='r2/odom' base_frame='r2/base_link' dt=0.030s translation=(0.000, -0.000, -0.000)
[cslam_odom_tf_bridge-15] [INFO] [1777560720.589308512] [r2.cslam_odom_tf_bridge]: Initialized map->odom anchor from first CSLAM pose sample.
[cslam_odom_tf_bridge-11] [INFO] [1777560720.646913581] [r1.cslam_odom_tf_bridge]: Updated map->odom anchor after optimization global_frame='robot1_map' odom_frame='r1/odom' base_frame='r1/base_link' dt=0.060s translation=(-0.000, -0.000, -0.000)
[cslam_odom_tf_bridge-11] [INFO] [1777560720.647920588] [r1.cslam_odom_tf_bridge]: Initialized map->odom anchor from first CSLAM pose sample.
[lidar_handler_node.py-13] [INFO] [1777560722.058741082] [r2.cslam_map_manager]: [DEBUG_LIDAR_PIPELINE] map_manager ready ns=/r2 robot_id=2 pointcloud_topic=scan_matching_odometry/aligned_points odom_topic=scan_matching_odometry/odom sync_slop_s=0.05 keyframe_dist_m=0.6 process_period_ms=20
[lidar_handler_node.py-13] [INFO] [1777560722.059145368] [r2.cslam_map_manager]: Initialization done.
[lidar_handler_node.py-9] [INFO] [1777560722.263136001] [r1.cslam_map_manager]: [DEBUG_LIDAR_PIPELINE] map_manager ready ns=/r1 robot_id=1 pointcloud_topic=scan_matching_odometry/aligned_points odom_topic=scan_matching_odometry/odom sync_slop_s=0.05 keyframe_dist_m=0.6 process_period_ms=20
[lidar_handler_node.py-9] [INFO] [1777560722.264079995] [r1.cslam_map_manager]: Initialization done.
[lidar_handler_node.py-5] [INFO] [1777560722.429944336] [r0.cslam_map_manager]: [DEBUG_LIDAR_PIPELINE] map_manager ready ns=/r0 robot_id=0 pointcloud_topic=scan_matching_odometry/aligned_points odom_topic=scan_matching_odometry/odom sync_slop_s=0.05 keyframe_dist_m=0.6 process_period_ms=20
[lidar_handler_node.py-5] [INFO] [1777560722.430562848] [r0.cslam_map_manager]: Initialization done.
[loop_closure_detection_node.py-12] [INFO] [1777560722.458742213] [r2.cslam_loop_closure_detection]: Using ScanContext.
[lidar_handler_node.py-5] [INFO] [1777560722.496132378] [r0.cslam_map_manager]: [DEBUG_LIDAR_PIPELINE] sync_cb count=1 pc_stamp=61.300000 odom_stamp=61.300000 abs_dt=0.000000s pc_frame=r0/odom odom_frame=r0/odom odom_child=r0/base_link pc_size=9693 odom_cov00=0.000000
[lidar_handler_node.py-5] [INFO] [1777560722.515414559] [r0.cslam_map_manager]: [DEBUG_LIDAR_PIPELINE] keyframe decision first-frame accepted
[pose_graph_manager-6] [INFO] [1777560722.529332600] [r0.cslam_pose_graph_manager]: [DEBUG_BACKEND_PIPELINE] keyframe_odom received count=1 id=0 stamp=61.300000000 frame=r0/odom child=r0/base_link odom_values=0 current_values=0
[lidar_handler_node.py-5] [INFO] [1777560722.529881493] [r0.cslam_map_manager]: [DEBUG_LIDAR_PIPELINE] keyframe created id=0 odom_stamp=61.300000 odom_frame=r0/odom odom_child=r0/base_link downsampled_points=8604
[lidar_handler_node.py-9] [INFO] [1777560722.554850992] [r1.cslam_map_manager]: [DEBUG_LIDAR_PIPELINE] sync_cb count=1 pc_stamp=61.300000 odom_stamp=61.300000 abs_dt=0.000000s pc_frame=r1/odom odom_frame=r1/odom odom_child=r1/base_link pc_size=8996 odom_cov00=0.000000
[lidar_handler_node.py-9] [INFO] [1777560722.555790258] [r1.cslam_map_manager]: [DEBUG_LIDAR_PIPELINE] keyframe decision first-frame accepted
[lidar_handler_node.py-9] [INFO] [1777560722.568971516] [r1.cslam_map_manager]: [DEBUG_LIDAR_PIPELINE] keyframe created id=0 odom_stamp=61.300000 odom_frame=r1/odom odom_child=r1/base_link downsampled_points=8270
[loop_closure_detection_node.py-4] [INFO] [1777560722.595940417] [r0.cslam_loop_closure_detection]: Using ScanContext.
[loop_closure_detection_node.py-12] [INFO] [1777560722.914882969] [r2.cslam_loop_closure_detection]: [DEBUG_LC_PIPELINE] GLCD ready ns=/r2 robot_id=2 keyframe_type=pointcloud global_descriptor_topic=/cslam/global_descriptors inter_robot_matches_topic=/cslam/inter_robot_matches keyframe_input_topic=cslam/keyframe_data
[loop_closure_detection_node.py-12] [INFO] [1777560722.915316519] [r2.cslam_loop_closure_detection]: Initialization done.
[lidar_handler_node.py-5] [INFO] [1777560722.928166951] [r0.cslam_map_manager]: [DEBUG_LIDAR_PIPELINE] sync_cb count=2 pc_stamp=61.320000 odom_stamp=61.320000 abs_dt=0.000000s pc_frame=r0/odom odom_frame=r0/odom odom_child=r0/base_link pc_size=9693 odom_cov00=0.000000
[lidar_handler_node.py-5] [INFO] [1777560722.936668989] [r0.cslam_map_manager]: [DEBUG_LIDAR_PIPELINE] keyframe decision skipped dist=0.0000m threshold=0.6000m
[loop_closure_detection_node.py-8] [INFO] [1777560723.046084730] [r1.cslam_loop_closure_detection]: Using ScanContext.
[loop_closure_detection_node.py-4] [INFO] [1777560723.077199719] [r0.cslam_loop_closure_detection]: [DEBUG_LC_PIPELINE] GLCD ready ns=/r0 robot_id=0 keyframe_type=pointcloud global_descriptor_topic=/cslam/global_descriptors inter_robot_matches_topic=/cslam/inter_robot_matches keyframe_input_topic=cslam/keyframe_data
[loop_closure_detection_node.py-4] [INFO] [1777560723.077676618] [r0.cslam_loop_closure_detection]: Initialization done.
[lidar_handler_node.py-9] [INFO] [1777560723.150598777] [r1.cslam_map_manager]: [DEBUG_LIDAR_PIPELINE] sync_cb count=2 pc_stamp=61.320000 odom_stamp=61.320000 abs_dt=0.000000s pc_frame=r1/odom odom_frame=r1/odom odom_child=r1/base_link pc_size=8996 odom_cov00=0.000000
[lidar_handler_node.py-9] [INFO] [1777560723.159080072] [r1.cslam_map_manager]: [DEBUG_LIDAR_PIPELINE] keyframe decision skipped dist=0.0000m threshold=0.6000m
[lidar_handler_node.py-5] [INFO] [1777560723.266925421] [r0.cslam_map_manager]: [DEBUG_LIDAR_PIPELINE] sync_cb count=3 pc_stamp=61.340000 odom_stamp=61.340000 abs_dt=0.000000s pc_frame=r0/odom odom_frame=r0/odom odom_child=r0/base_link pc_size=9693 odom_cov00=0.000000
[lidar_handler_node.py-5] [INFO] [1777560723.276153227] [r0.cslam_map_manager]: [DEBUG_LIDAR_PIPELINE] keyframe decision skipped dist=0.0000m threshold=0.6000m
[lidar_handler_node.py-9] [INFO] [1777560723.347394608] [r1.cslam_map_manager]: [DEBUG_LIDAR_PIPELINE] sync_cb count=3 pc_stamp=61.340000 odom_stamp=61.340000 abs_dt=0.000000s pc_frame=r1/odom odom_frame=r1/odom odom_child=r1/base_link pc_size=8996 odom_cov00=0.000000
[lidar_handler_node.py-9] [INFO] [1777560723.359045190] [r1.cslam_map_manager]: [DEBUG_LIDAR_PIPELINE] keyframe decision skipped dist=0.0000m threshold=0.6000m
[lidar_handler_node.py-5] [INFO] [1777560723.453449921] [r0.cslam_map_manager]: [DEBUG_LIDAR_PIPELINE] sync_cb count=4 pc_stamp=61.360000 odom_stamp=61.360000 abs_dt=0.000000s pc_frame=r0/odom odom_frame=r0/odom odom_child=r0/base_link pc_size=9693 odom_cov00=0.000000
[lidar_handler_node.py-5] [INFO] [1777560723.457461228] [r0.cslam_map_manager]: [DEBUG_LIDAR_PIPELINE] keyframe decision skipped dist=0.0000m threshold=0.6000m
[lidar_handler_node.py-9] [INFO] [1777560723.491154066] [r1.cslam_map_manager]: [DEBUG_LIDAR_PIPELINE] sync_cb count=4 pc_stamp=61.360000 odom_stamp=61.360000 abs_dt=0.000000s pc_frame=r1/odom odom_frame=r1/odom odom_child=r1/base_link pc_size=8996 odom_cov00=0.000000
[lidar_handler_node.py-9] [INFO] [1777560723.497292987] [r1.cslam_map_manager]: [DEBUG_LIDAR_PIPELINE] keyframe decision skipped dist=0.0000m threshold=0.6000m
[pose_graph_manager-10] [INFO] [1777560723.507289025] [r1.cslam_pose_graph_manager]: [DEBUG_BACKEND_PIPELINE] keyframe_odom received count=1 id=0 stamp=61.300000000 frame=r1/odom child=r1/base_link odom_values=0 current_values=0
[lidar_handler_node.py-5] [INFO] [1777560723.529695730] [r0.cslam_map_manager]: [DEBUG_LIDAR_PIPELINE] sync_cb count=5 pc_stamp=61.380000 odom_stamp=61.380000 abs_dt=0.000000s pc_frame=r0/odom odom_frame=r0/odom odom_child=r0/base_link pc_size=9693 odom_cov00=0.000000
[lidar_handler_node.py-5] [INFO] [1777560723.537107336] [r0.cslam_map_manager]: [DEBUG_LIDAR_PIPELINE] keyframe decision skipped dist=0.0000m threshold=0.6000m
[lidar_handler_node.py-9] [INFO] [1777560723.554767736] [r1.cslam_map_manager]: [DEBUG_LIDAR_PIPELINE] sync_cb count=5 pc_stamp=61.380000 odom_stamp=61.380000 abs_dt=0.000000s pc_frame=r1/odom odom_frame=r1/odom odom_child=r1/base_link pc_size=8996 odom_cov00=0.000000
[lidar_handler_node.py-9] [INFO] [1777560723.556360422] [r1.cslam_map_manager]: [DEBUG_LIDAR_PIPELINE] keyframe decision skipped dist=0.0000m threshold=0.6000m
[lidar_handler_node.py-13] [INFO] [1777560723.573122604] [r2.cslam_map_manager]: [DEBUG_LIDAR_PIPELINE] sync_cb count=1 pc_stamp=61.380000 odom_stamp=61.360000 abs_dt=0.020000s pc_frame=r2/odom odom_frame=r2/odom odom_child=r2/base_link pc_size=9664 odom_cov00=0.000000
[lidar_handler_node.py-13] [INFO] [1777560723.582141775] [r2.cslam_map_manager]: [DEBUG_LIDAR_PIPELINE] keyframe decision first-frame accepted
[loop_closure_detection_node.py-8] [INFO] [1777560723.584826403] [r1.cslam_loop_closure_detection]: [DEBUG_LC_PIPELINE] GLCD ready ns=/r1 robot_id=1 keyframe_type=pointcloud global_descriptor_topic=/cslam/global_descriptors inter_robot_matches_topic=/cslam/inter_robot_matches keyframe_input_topic=cslam/keyframe_data
[loop_closure_detection_node.py-8] [INFO] [1777560723.585698436] [r1.cslam_loop_closure_detection]: Initialization done.
[pose_graph_manager-14] [INFO] [1777560723.602221094] [r2.cslam_pose_graph_manager]: [DEBUG_BACKEND_PIPELINE] keyframe_odom received count=1 id=0 stamp=61.360000000 frame=r2/odom child=r2/base_link odom_values=0 current_values=0
[lidar_handler_node.py-13] [INFO] [1777560723.602609033] [r2.cslam_map_manager]: [DEBUG_LIDAR_PIPELINE] keyframe created id=0 odom_stamp=61.360000 odom_frame=r2/odom odom_child=r2/base_link downsampled_points=8599
[loop_closure_detection_node.py-12] [INFO] [1777560723.604329352] [r2.cslam_loop_closure_detection]: [DEBUG_LC_PIPELINE] keyframe received count=1 id=0 points=8599
[lidar_handler_node.py-13] [INFO] [1777560723.673338550] [r2.cslam_map_manager]: [DEBUG_LIDAR_PIPELINE] sync_cb count=2 pc_stamp=61.400000 odom_stamp=61.380000 abs_dt=0.020000s pc_frame=r2/odom odom_frame=r2/odom odom_child=r2/base_link pc_size=9664 odom_cov00=0.000000
[lidar_handler_node.py-13] [INFO] [1777560723.683369791] [r2.cslam_map_manager]: [DEBUG_LIDAR_PIPELINE] keyframe decision skipped dist=0.0000m threshold=0.6000m
[lidar_handler_node.py-13] [INFO] [1777560723.787119876] [r2.cslam_map_manager]: [DEBUG_LIDAR_PIPELINE] sync_cb count=3 pc_stamp=61.420000 odom_stamp=61.400000 abs_dt=0.020000s pc_frame=r2/odom odom_frame=r2/odom odom_child=r2/base_link pc_size=9664 odom_cov00=0.000000
[lidar_handler_node.py-13] [INFO] [1777560723.802908819] [r2.cslam_map_manager]: [DEBUG_LIDAR_PIPELINE] keyframe decision skipped dist=0.0000m threshold=0.6000m
[lidar_handler_node.py-13] [INFO] [1777560723.882879129] [r2.cslam_map_manager]: [DEBUG_LIDAR_PIPELINE] sync_cb count=4 pc_stamp=61.440000 odom_stamp=61.420000 abs_dt=0.020000s pc_frame=r2/odom odom_frame=r2/odom odom_child=r2/base_link pc_size=9664 odom_cov00=0.000000
[loop_closure_detection_node.py-12] [INFO] [1777560723.886894401] [r2.cslam_loop_closure_detection]: [DEBUG_LC_PIPELINE] descriptor computed count=1 id=0 dim=1200
[lidar_handler_node.py-13] [INFO] [1777560723.887484542] [r2.cslam_map_manager]: [DEBUG_LIDAR_PIPELINE] keyframe decision skipped dist=0.0000m threshold=0.6000m
[lidar_handler_node.py-13] [INFO] [1777560723.936685434] [r2.cslam_map_manager]: [DEBUG_LIDAR_PIPELINE] sync_cb count=5 pc_stamp=61.460000 odom_stamp=61.440000 abs_dt=0.020000s pc_frame=r2/odom odom_frame=r2/odom odom_child=r2/base_link pc_size=9664 odom_cov00=0.000000
[lidar_handler_node.py-13] [INFO] [1777560723.942880208] [r2.cslam_map_manager]: [DEBUG_LIDAR_PIPELINE] keyframe decision skipped dist=0.0000m threshold=0.6000m
[pose_graph_manager-10] [INFO] [1777560724.651219560] [r1.cslam_pose_graph_manager]: [DEBUG_BACKEND_PIPELINE] pose published topic=/r1/cslam/current_pose_estimate frame=robot1_map pos=(0.000, 0.000, 0.000)
[pose_graph_manager-14] [INFO] [1777560724.683973397] [r2.cslam_pose_graph_manager]: [DEBUG_BACKEND_PIPELINE] pose published topic=/r2/cslam/current_pose_estimate frame=robot2_map pos=(-0.000, 0.000, 0.000)
[pose_graph_manager-6] [INFO] [1777560724.702931891] [r0.cslam_pose_graph_manager]: [DEBUG_BACKEND_PIPELINE] pose published topic=/r0/cslam/current_pose_estimate frame=robot0_map pos=(-0.000, 0.000, -0.000)
[lidar_handler_node.py-9] [INFO] [1777560725.837496533] [r1.cslam_map_manager]: [DEBUG_LIDAR_PIPELINE] sync_cb count=50 pc_stamp=62.280000 odom_stamp=62.280000 abs_dt=0.000000s pc_frame=r1/odom odom_frame=r1/odom odom_child=r1/base_link pc_size=8996 odom_cov00=0.000000
[lidar_handler_node.py-9] [INFO] [1777560725.839464935] [r1.cslam_map_manager]: [DEBUG_LIDAR_PIPELINE] keyframe decision skipped dist=0.0000m threshold=0.6000m
[lidar_handler_node.py-5] [INFO] [1777560725.986796179] [r0.cslam_map_manager]: [DEBUG_LIDAR_PIPELINE] sync_cb count=50 pc_stamp=62.280000 odom_stamp=62.280000 abs_dt=0.000000s pc_frame=r0/odom odom_frame=r0/odom odom_child=r0/base_link pc_size=9693 odom_cov00=0.000000
[lidar_handler_node.py-5] [INFO] [1777560725.996725360] [r0.cslam_map_manager]: [DEBUG_LIDAR_PIPELINE] keyframe decision skipped dist=0.0000m threshold=0.6000m
[lidar_handler_node.py-13] [INFO] [1777560726.009341765] [r2.cslam_map_manager]: [DEBUG_LIDAR_PIPELINE] sync_cb count=50 pc_stamp=62.360000 odom_stamp=62.340000 abs_dt=0.020000s pc_frame=r2/odom odom_frame=r2/odom odom_child=r2/base_link pc_size=9664 odom_cov00=0.000000
[lidar_handler_node.py-13] [INFO] [1777560726.023502653] [r2.cslam_map_manager]: [DEBUG_LIDAR_PIPELINE] keyframe decision skipped dist=0.0000m threshold=0.6000m
[lidar_handler_node.py-13] [INFO] [1777560726.963151922] [r2.cslam_map_manager]: [DEBUG_LIDAR_PIPELINE] status sync_cb=73 sync_ok=73 sync_reject_cov=0 queued_pairs=0 processed_pairs=73 keyframes=1 last_abs_dt_s=0.020000
[lidar_handler_node.py-9] [INFO] [1777560727.016731035] [r1.cslam_map_manager]: [DEBUG_LIDAR_PIPELINE] status sync_cb=79 sync_ok=79 sync_reject_cov=0 queued_pairs=0 processed_pairs=79 keyframes=1 last_abs_dt_s=0.000000
[lidar_handler_node.py-5] [INFO] [1777560727.237090018] [r0.cslam_map_manager]: [DEBUG_LIDAR_PIPELINE] status sync_cb=79 sync_ok=79 sync_reject_cov=0 queued_pairs=0 processed_pairs=79 keyframes=1 last_abs_dt_s=0.000000
[lidar_handler_node.py-9] [INFO] [1777560727.931278424] [r1.cslam_map_manager]: [DEBUG_LIDAR_PIPELINE] sync_cb count=100 pc_stamp=63.280000 odom_stamp=63.280000 abs_dt=0.000000s pc_frame=r1/odom odom_frame=r1/odom odom_child=r1/base_link pc_size=8996 odom_cov00=0.000000
[lidar_handler_node.py-9] [INFO] [1777560727.936594091] [r1.cslam_map_manager]: [DEBUG_LIDAR_PIPELINE] keyframe decision skipped dist=0.0000m threshold=0.6000m
[lidar_handler_node.py-13] [INFO] [1777560728.071267393] [r2.cslam_map_manager]: [DEBUG_LIDAR_PIPELINE] sync_cb count=100 pc_stamp=63.360000 odom_stamp=63.340000 abs_dt=0.020000s pc_frame=r2/odom odom_frame=r2/odom odom_child=r2/base_link pc_size=9664 odom_cov00=0.000000
[lidar_handler_node.py-13] [INFO] [1777560728.082253594] [r2.cslam_map_manager]: [DEBUG_LIDAR_PIPELINE] keyframe decision skipped dist=0.0000m threshold=0.6000m
[lidar_handler_node.py-5] [INFO] [1777560728.121082854] [r0.cslam_map_manager]: [DEBUG_LIDAR_PIPELINE] sync_cb count=100 pc_stamp=63.280000 odom_stamp=63.280000 abs_dt=0.000000s pc_frame=r0/odom odom_frame=r0/odom odom_child=r0/base_link pc_size=9693 odom_cov00=0.000000
[lidar_handler_node.py-5] [INFO] [1777560728.136146104] [r0.cslam_map_manager]: [DEBUG_LIDAR_PIPELINE] keyframe decision skipped dist=0.0000m threshold=0.6000m
[pose_graph_manager-14] [INFO] [1777560729.561358594] [r2.cslam_pose_graph_manager]: [DEBUG_BACKEND_PIPELINE] optimization cycle trigger odom_values=1
[pose_graph_manager-14] [INFO] [1777560729.561840994] [r2.cslam_pose_graph_manager]: [DEBUG_BACKEND_PIPELINE] optimizer state -> WAITING_FOR_NEIGHBORS_INFO
[pose_graph_manager-6] [INFO] [1777560729.562383849] [r0.cslam_pose_graph_manager]: [DEBUG_BACKEND_PIPELINE] optimization cycle trigger odom_values=1
[pose_graph_manager-6] [INFO] [1777560729.562786302] [r0.cslam_pose_graph_manager]: [DEBUG_BACKEND_PIPELINE] optimizer state -> WAITING_FOR_NEIGHBORS_INFO
[pose_graph_manager-6] [INFO] [1777560729.564626113] [r0.cslam_pose_graph_manager]: [DEBUG_BACKEND_PIPELINE] neighbors update robots=[1, 2] origins=[1, 2] is_optimizer=true odom_values=1
[pose_graph_manager-14] [INFO] [1777560729.564746893] [r2.cslam_pose_graph_manager]: [DEBUG_BACKEND_PIPELINE] neighbors update robots=[0, 1] origins=[0, 1] is_optimizer=false odom_values=1
[pose_graph_manager-10] [INFO] [1777560729.566989541] [r1.cslam_pose_graph_manager]: [DEBUG_BACKEND_PIPELINE] optimization cycle trigger odom_values=1
[pose_graph_manager-10] [INFO] [1777560729.569569263] [r1.cslam_pose_graph_manager]: [DEBUG_BACKEND_PIPELINE] optimizer state -> WAITING_FOR_NEIGHBORS_INFO
[pose_graph_manager-10] [INFO] [1777560729.576253106] [r1.cslam_pose_graph_manager]: [DEBUG_BACKEND_PIPELINE] neighbors update robots=[0, 2] origins=[0, 2] is_optimizer=false odom_values=1
[pose_graph_manager-10] [INFO] [1777560729.646010581] [r1.cslam_pose_graph_manager]: [DEBUG_BACKEND_PIPELINE] pose published topic=/r1/cslam/current_pose_estimate frame=robot1_map pos=(0.000, 0.000, 0.000)
[pose_graph_manager-14] [INFO] [1777560729.661385468] [r2.cslam_pose_graph_manager]: [DEBUG_BACKEND_PIPELINE] optimizer state -> IDLE
[pose_graph_manager-6] [INFO] [1777560729.662355577] [r0.cslam_pose_graph_manager]: [DEBUG_BACKEND_PIPELINE] optimizer state -> POSEGRAPH_COLLECTION
[pose_graph_manager-10] [INFO] [1777560729.667503687] [r1.cslam_pose_graph_manager]: [DEBUG_BACKEND_PIPELINE] optimizer state -> IDLE
[pose_graph_manager-6] [INFO] [1777560729.669410503] [r0.cslam_pose_graph_manager]: [DEBUG_BACKEND_PIPELINE] pose_graph received from=2 values=1 edges=0 connected_robots=[] all_received=false
[pose_graph_manager-6] [INFO] [1777560729.669646025] [r0.cslam_pose_graph_manager]: [DEBUG_BACKEND_PIPELINE] pose_graph received from=1 values=1 edges=0 connected_robots=[] all_received=true
[pose_graph_manager-14] [INFO] [1777560729.683964260] [r2.cslam_pose_graph_manager]: [DEBUG_BACKEND_PIPELINE] pose published topic=/r2/cslam/current_pose_estimate frame=robot2_map pos=(-0.000, 0.000, 0.000)
[pose_graph_manager-6] [INFO] [1777560729.705807431] [r0.cslam_pose_graph_manager]: [DEBUG_BACKEND_PIPELINE] pose published topic=/r0/cslam/current_pose_estimate frame=robot0_map pos=(-0.000, 0.000, -0.000)
[lidar_handler_node.py-9] [INFO] [1777560729.726706707] [r1.cslam_map_manager]: [DEBUG_LIDAR_PIPELINE] sync_cb count=150 pc_stamp=64.280000 odom_stamp=64.280000 abs_dt=0.000000s pc_frame=r1/odom odom_frame=r1/odom odom_child=r1/base_link pc_size=8996 odom_cov00=0.000000
[lidar_handler_node.py-9] [INFO] [1777560729.736733441] [r1.cslam_map_manager]: [DEBUG_LIDAR_PIPELINE] keyframe decision skipped dist=0.0000m threshold=0.6000m
[pose_graph_manager-6] [INFO] [1777560729.762299940] [r0.cslam_pose_graph_manager]: [DEBUG_BACKEND_PIPELINE] optimizer state -> START_OPTIMIZATION
[pose_graph_manager-6] [INFO] [1777560729.762445241] [r0.cslam_pose_graph_manager]: [DEBUG_BACKEND_PIPELINE] pose_graph connectivity local_connected=[] result={0:true, 1:false, 2:false}
[pose_graph_manager-6] [INFO] [1777560729.762548254] [r0.cslam_pose_graph_manager]: [DEBUG_BACKEND_PIPELINE] aggregate_pose_graphs connected={0:true, 1:false, 2:false} local_values=1 remote_values=0 total_estimates=1 local_factors=0 remote_factors=0 inter_robot_factors=0 total_factors=0
[pose_graph_manager-6] [INFO] [1777560729.762644168] [r0.cslam_pose_graph_manager]: [DEBUG_BACKEND_PIPELINE] starting optimization factors=1 estimates=1
[pose_graph_manager-6] [INFO] [1777560729.862305424] [r0.cslam_pose_graph_manager]: [DEBUG_BACKEND_PIPELINE] optimizer state -> OPTIMIZATION
[pose_graph_manager-6] [INFO] [1777560729.862717302] [r0.cslam_pose_graph_manager]: [DEBUG_BACKEND_PIPELINE] share_optimized_estimates target_robot=1 origin_robot_id=0 filtered_estimates=0 total_estimates=1
[pose_graph_manager-6] [INFO] [1777560729.862801432] [r0.cslam_pose_graph_manager]: [DEBUG_BACKEND_PIPELINE] share_optimized_estimates target_robot=2 origin_robot_id=0 filtered_estimates=0 total_estimates=1
[pose_graph_manager-6] [INFO] [1777560729.862912756] [r0.cslam_pose_graph_manager]: [DEBUG_BACKEND_PIPELINE] share_optimized_estimates target_robot=0 origin_robot_id=0 filtered_estimates=1 total_estimates=1
[pose_graph_manager-6] [INFO] [1777560729.863147297] [r0.cslam_pose_graph_manager]: [DEBUG_BACKEND_PIPELINE] optimized_estimates applied origin_robot_id=0 estimates=1
[pose_graph_manager-14] [WARN] [1777560729.864118163] [r2.cslam_pose_graph_manager]: [DEBUG_BACKEND_PIPELINE] optimized_estimates received empty estimates.
[pose_graph_manager-14] [WARN] [1777560729.864220778] [r2.cslam_pose_graph_manager]: [DEBUG_BACKEND_PIPELINE] optimized_estimates ignored odom_values=1 estimates=0
[cslam_odom_tf_bridge-7] [INFO] [1777560729.864550292] [r0.cslam_odom_tf_bridge]: Optimization finished. Waiting for the next CSLAM pose sample to refresh map->odom.
[pose_graph_manager-10] [WARN] [1777560729.865442363] [r1.cslam_pose_graph_manager]: [DEBUG_BACKEND_PIPELINE] optimized_estimates received empty estimates.
[pose_graph_manager-10] [WARN] [1777560729.865502588] [r1.cslam_pose_graph_manager]: [DEBUG_BACKEND_PIPELINE] optimized_estimates ignored odom_values=1 estimates=0
[cslam_odom_tf_bridge-7] [INFO] [1777560729.911323466] [r0.cslam_odom_tf_bridge]: Updated map->odom anchor after optimization global_frame='robot0_map' odom_frame='r0/odom' base_frame='r0/base_link' dt=0.240s translation=(0.000, 0.000, -0.000)
[lidar_handler_node.py-13] [INFO] [1777560729.914460533] [r2.cslam_map_manager]: [DEBUG_LIDAR_PIPELINE] sync_cb count=150 pc_stamp=64.360000 odom_stamp=64.340000 abs_dt=0.020000s pc_frame=r2/odom odom_frame=r2/odom odom_child=r2/base_link pc_size=9664 odom_cov00=0.000000
[lidar_handler_node.py-13] [INFO] [1777560729.922495224] [r2.cslam_map_manager]: [DEBUG_LIDAR_PIPELINE] keyframe decision skipped dist=0.0000m threshold=0.6000m
[pose_graph_manager-6] [INFO] [1777560729.962325274] [r0.cslam_pose_graph_manager]: [DEBUG_BACKEND_PIPELINE] optimizer state -> IDLE
[lidar_handler_node.py-5] [INFO] [1777560730.041712164] [r0.cslam_map_manager]: [DEBUG_LIDAR_PIPELINE] sync_cb count=150 pc_stamp=64.280000 odom_stamp=64.280000 abs_dt=0.000000s pc_frame=r0/odom odom_frame=r0/odom odom_child=r0/base_link pc_size=9693 odom_cov00=0.000000
[lidar_handler_node.py-5] [INFO] [1777560730.055677161] [r0.cslam_map_manager]: [DEBUG_LIDAR_PIPELINE] keyframe decision skipped dist=0.0000m threshold=0.6000m
[loop_closure_detection_node.py-12] [INFO] [1777560730.918108046] [r2.cslam_loop_closure_detection]: [DEBUG_LC_PIPELINE] detect_inter cycle count=1 neighbors=[0, 1, 2] is_broker=False
[loop_closure_detection_node.py-4] [INFO] [1777560731.078940608] [r0.cslam_loop_closure_detection]: [DEBUG_LC_PIPELINE] detect_inter cycle count=1 neighbors=[0, 1, 2] is_broker=True
[loop_closure_detection_node.py-8] [INFO] [1777560731.587052438] [r1.cslam_loop_closure_detection]: [DEBUG_LC_PIPELINE] detect_inter cycle count=1 neighbors=[0, 1, 2] is_broker=False
[lidar_handler_node.py-13] [INFO] [1777560731.963517570] [r2.cslam_map_manager]: [DEBUG_LIDAR_PIPELINE] status sync_cb=192 sync_ok=192 sync_reject_cov=0 queued_pairs=0 processed_pairs=192 keyframes=1 last_abs_dt_s=0.020000
[lidar_handler_node.py-9] [INFO] [1777560732.017017059] [r1.cslam_map_manager]: [DEBUG_LIDAR_PIPELINE] status sync_cb=196 sync_ok=196 sync_reject_cov=0 queued_pairs=0 processed_pairs=196 keyframes=1 last_abs_dt_s=0.000000
[lidar_handler_node.py-9] [INFO] [1777560732.115651273] [r1.cslam_map_manager]: [DEBUG_LIDAR_PIPELINE] sync_cb count=200 pc_stamp=65.280000 odom_stamp=65.280000 abs_dt=0.000000s pc_frame=r1/odom odom_frame=r1/odom odom_child=r1/base_link pc_size=8996 odom_cov00=0.000000
[lidar_handler_node.py-9] [INFO] [1777560732.117698276] [r1.cslam_map_manager]: [DEBUG_LIDAR_PIPELINE] keyframe decision skipped dist=0.0000m threshold=0.6000m
[lidar_handler_node.py-5] [INFO] [1777560732.190818263] [r0.cslam_map_manager]: [DEBUG_LIDAR_PIPELINE] sync_cb count=200 pc_stamp=65.280000 odom_stamp=65.280000 abs_dt=0.000000s pc_frame=r0/odom odom_frame=r0/odom odom_child=r0/base_link pc_size=9693 odom_cov00=0.000000
[lidar_handler_node.py-5] [INFO] [1777560732.196132385] [r0.cslam_map_manager]: [DEBUG_LIDAR_PIPELINE] keyframe decision skipped dist=0.0000m threshold=0.6000m
[lidar_handler_node.py-13] [INFO] [1777560732.203874478] [r2.cslam_map_manager]: [DEBUG_LIDAR_PIPELINE] sync_cb count=200 pc_stamp=65.360000 odom_stamp=65.340000 abs_dt=0.020000s pc_frame=r2/odom odom_frame=r2/odom odom_child=r2/base_link pc_size=9664 odom_cov00=0.000000
[lidar_handler_node.py-13] [INFO] [1777560732.205884809] [r2.cslam_map_manager]: [DEBUG_LIDAR_PIPELINE] keyframe decision skipped dist=0.0000m threshold=0.6000m
[lidar_handler_node.py-5] [INFO] [1777560732.235883101] [r0.cslam_map_manager]: [DEBUG_LIDAR_PIPELINE] status sync_cb=201 sync_ok=201 sync_reject_cov=0 queued_pairs=0 processed_pairs=201 keyframes=1 last_abs_dt_s=0.000000
[component_container_mt-1] [INFO] [1777560733.487284331] [r0.scan_matching_odometry_component]: scan matching has not converged!!, ignoring frame at 65.96
[lidar_handler_node.py-9] [INFO] [1777560734.292375174] [r1.cslam_map_manager]: [DEBUG_LIDAR_PIPELINE] sync_cb count=250 pc_stamp=66.280000 odom_stamp=66.280000 abs_dt=0.000000s pc_frame=r1/odom odom_frame=r1/odom odom_child=r1/base_link pc_size=8991 odom_cov00=0.000000
[lidar_handler_node.py-9] [INFO] [1777560734.297671359] [r1.cslam_map_manager]: [DEBUG_LIDAR_PIPELINE] keyframe decision skipped dist=0.0000m threshold=0.6000m
[lidar_handler_node.py-5] [INFO] [1777560734.363334348] [r0.cslam_map_manager]: [DEBUG_LIDAR_PIPELINE] sync_cb count=250 pc_stamp=66.300000 odom_stamp=66.280000 abs_dt=0.020000s pc_frame=r0/odom odom_frame=r0/odom odom_child=r0/base_link pc_size=9503 odom_cov00=0.000000
[lidar_handler_node.py-5] [INFO] [1777560734.376300224] [r0.cslam_map_manager]: [DEBUG_LIDAR_PIPELINE] keyframe decision skipped dist=0.0016m threshold=0.6000m
[lidar_handler_node.py-13] [INFO] [1777560734.448021433] [r2.cslam_map_manager]: [DEBUG_LIDAR_PIPELINE] sync_cb count=250 pc_stamp=66.360000 odom_stamp=66.340000 abs_dt=0.020000s pc_frame=r2/odom odom_frame=r2/odom odom_child=r2/base_link pc_size=9664 odom_cov00=0.000000
[lidar_handler_node.py-13] [INFO] [1777560734.462886169] [r2.cslam_map_manager]: [DEBUG_LIDAR_PIPELINE] keyframe decision skipped dist=0.0000m threshold=0.6000m
[pose_graph_manager-10] [INFO] [1777560734.649551319] [r1.cslam_pose_graph_manager]: [DEBUG_BACKEND_PIPELINE] pose published topic=/r1/cslam/current_pose_estimate frame=robot1_map pos=(0.000, 0.000, 0.000)
[pose_graph_manager-14] [INFO] [1777560734.685296018] [r2.cslam_pose_graph_manager]: [DEBUG_BACKEND_PIPELINE] pose published topic=/r2/cslam/current_pose_estimate frame=robot2_map pos=(-0.000, 0.000, 0.000)
[pose_graph_manager-6] [INFO] [1777560734.702429100] [r0.cslam_pose_graph_manager]: [DEBUG_BACKEND_PIPELINE] pose published topic=/r0/cslam/current_pose_estimate frame=robot0_map pos=(-0.000, 0.000, -0.000)
[lidar_handler_node.py-9] [INFO] [1777560736.607981910] [r1.cslam_map_manager]: [DEBUG_LIDAR_PIPELINE] sync_cb count=300 pc_stamp=67.280000 odom_stamp=67.280000 abs_dt=0.000000s pc_frame=r1/odom odom_frame=r1/odom odom_child=r1/base_link pc_size=9005 odom_cov00=0.000000
[lidar_handler_node.py-9] [INFO] [1777560736.616041031] [r1.cslam_map_manager]: [DEBUG_LIDAR_PIPELINE] keyframe decision skipped dist=0.0003m threshold=0.6000m
[lidar_handler_node.py-5] [INFO] [1777560736.723908105] [r0.cslam_map_manager]: [DEBUG_LIDAR_PIPELINE] sync_cb count=300 pc_stamp=67.300000 odom_stamp=67.280000 abs_dt=0.020000s pc_frame=r0/odom odom_frame=r0/odom odom_child=r0/base_link pc_size=9569 odom_cov00=0.000000
[lidar_handler_node.py-5] [INFO] [1777560736.736225472] [r0.cslam_map_manager]: [DEBUG_LIDAR_PIPELINE] keyframe decision skipped dist=0.2483m threshold=0.6000m
[lidar_handler_node.py-13] [INFO] [1777560736.841478069] [r2.cslam_map_manager]: [DEBUG_LIDAR_PIPELINE] sync_cb count=300 pc_stamp=67.360000 odom_stamp=67.340000 abs_dt=0.020000s pc_frame=r2/odom odom_frame=r2/odom odom_child=r2/base_link pc_size=9667 odom_cov00=0.000000
[lidar_handler_node.py-13] [INFO] [1777560736.843332619] [r2.cslam_map_manager]: [DEBUG_LIDAR_PIPELINE] keyframe decision skipped dist=0.0000m threshold=0.6000m
[lidar_handler_node.py-13] [INFO] [1777560736.963154803] [r2.cslam_map_manager]: [DEBUG_LIDAR_PIPELINE] status sync_cb=302 sync_ok=302 sync_reject_cov=0 queued_pairs=0 processed_pairs=302 keyframes=1 last_abs_dt_s=0.020000
[lidar_handler_node.py-9] [INFO] [1777560737.017380765] [r1.cslam_map_manager]: [DEBUG_LIDAR_PIPELINE] status sync_cb=307 sync_ok=307 sync_reject_cov=0 queued_pairs=0 processed_pairs=307 keyframes=1 last_abs_dt_s=0.000000
[lidar_handler_node.py-5] [INFO] [1777560737.237236269] [r0.cslam_map_manager]: [DEBUG_LIDAR_PIPELINE] status sync_cb=311 sync_ok=311 sync_reject_cov=0 queued_pairs=0 processed_pairs=311 keyframes=1 last_abs_dt_s=0.020000
[loop_closure_detection_node.py-12] [INFO] [1777560738.916957892] [r2.cslam_loop_closure_detection]: [DEBUG_LC_PIPELINE] detect_inter cycle count=2 neighbors=[0, 1, 2] is_broker=False
[loop_closure_detection_node.py-4] [INFO] [1777560739.080829413] [r0.cslam_loop_closure_detection]: [DEBUG_LC_PIPELINE] detect_inter cycle count=2 neighbors=[0, 1, 2] is_broker=True
[lidar_handler_node.py-9] [INFO] [1777560739.184292272] [r1.cslam_map_manager]: [DEBUG_LIDAR_PIPELINE] sync_cb count=350 pc_stamp=68.280000 odom_stamp=68.280000 abs_dt=0.000000s pc_frame=r1/odom odom_frame=r1/odom odom_child=r1/base_link pc_size=8982 odom_cov00=0.000000
[lidar_handler_node.py-9] [INFO] [1777560739.197024213] [r1.cslam_map_manager]: [DEBUG_LIDAR_PIPELINE] keyframe decision skipped dist=0.0000m threshold=0.6000m
[lidar_handler_node.py-5] [INFO] [1777560739.211266825] [r0.cslam_map_manager]: [DEBUG_LIDAR_PIPELINE] sync_cb count=350 pc_stamp=68.300000 odom_stamp=68.280000 abs_dt=0.020000s pc_frame=r0/odom odom_frame=r0/odom odom_child=r0/base_link pc_size=9502 odom_cov00=0.000000
[lidar_handler_node.py-5] [INFO] [1777560739.217310668] [r0.cslam_map_manager]: [DEBUG_LIDAR_PIPELINE] keyframe decision skipped dist=0.4938m threshold=0.6000m
[lidar_handler_node.py-13] [INFO] [1777560739.440577920] [r2.cslam_map_manager]: [DEBUG_LIDAR_PIPELINE] sync_cb count=350 pc_stamp=68.360000 odom_stamp=68.340000 abs_dt=0.020000s pc_frame=r2/odom odom_frame=r2/odom odom_child=r2/base_link pc_size=9667 odom_cov00=0.000000
[lidar_handler_node.py-13] [INFO] [1777560739.442834749] [r2.cslam_map_manager]: [DEBUG_LIDAR_PIPELINE] keyframe decision skipped dist=0.0000m threshold=0.6000m
[pose_graph_manager-14] [INFO] [1777560739.561581988] [r2.cslam_pose_graph_manager]: [DEBUG_BACKEND_PIPELINE] optimization cycle trigger odom_values=1
[pose_graph_manager-14] [INFO] [1777560739.562001654] [r2.cslam_pose_graph_manager]: [DEBUG_BACKEND_PIPELINE] optimizer state -> WAITING_FOR_NEIGHBORS_INFO
[pose_graph_manager-6] [INFO] [1777560739.562229292] [r0.cslam_pose_graph_manager]: [DEBUG_BACKEND_PIPELINE] optimization cycle trigger odom_values=1
[pose_graph_manager-6] [INFO] [1777560739.562559748] [r0.cslam_pose_graph_manager]: [DEBUG_BACKEND_PIPELINE] optimizer state -> WAITING_FOR_NEIGHBORS_INFO
[pose_graph_manager-14] [INFO] [1777560739.563400057] [r2.cslam_pose_graph_manager]: [DEBUG_BACKEND_PIPELINE] neighbors update robots=[0, 1] origins=[0, 1] is_optimizer=false odom_values=1
[pose_graph_manager-10] [INFO] [1777560739.566865710] [r1.cslam_pose_graph_manager]: [DEBUG_BACKEND_PIPELINE] optimization cycle trigger odom_values=1
[pose_graph_manager-10] [INFO] [1777560739.567122627] [r1.cslam_pose_graph_manager]: [DEBUG_BACKEND_PIPELINE] optimizer state -> WAITING_FOR_NEIGHBORS_INFO
[pose_graph_manager-10] [INFO] [1777560739.569109493] [r1.cslam_pose_graph_manager]: [DEBUG_BACKEND_PIPELINE] neighbors update robots=[0, 2] origins=[0, 2] is_optimizer=false odom_values=1
[pose_graph_manager-6] [INFO] [1777560739.575492494] [r0.cslam_pose_graph_manager]: [DEBUG_BACKEND_PIPELINE] neighbors update robots=[1, 2] origins=[1, 2] is_optimizer=true odom_values=1
[loop_closure_detection_node.py-8] [INFO] [1777560739.587655342] [r1.cslam_loop_closure_detection]: [DEBUG_LC_PIPELINE] detect_inter cycle count=2 neighbors=[0, 1, 2] is_broker=False
[pose_graph_manager-10] [INFO] [1777560739.648880689] [r1.cslam_pose_graph_manager]: [DEBUG_BACKEND_PIPELINE] pose published topic=/r1/cslam/current_pose_estimate frame=robot1_map pos=(0.000, 0.000, 0.000)
[pose_graph_manager-14] [INFO] [1777560739.661292179] [r2.cslam_pose_graph_manager]: [DEBUG_BACKEND_PIPELINE] optimizer state -> IDLE
[pose_graph_manager-6] [INFO] [1777560739.662231740] [r0.cslam_pose_graph_manager]: [DEBUG_BACKEND_PIPELINE] optimizer state -> POSEGRAPH_COLLECTION
[pose_graph_manager-6] [INFO] [1777560739.664391824] [r0.cslam_pose_graph_manager]: [DEBUG_BACKEND_PIPELINE] pose_graph received from=2 values=1 edges=0 connected_robots=[] all_received=false
[pose_graph_manager-10] [INFO] [1777560739.667063651] [r1.cslam_pose_graph_manager]: [DEBUG_BACKEND_PIPELINE] optimizer state -> IDLE
[pose_graph_manager-14] [INFO] [1777560739.683420543] [r2.cslam_pose_graph_manager]: [DEBUG_BACKEND_PIPELINE] pose published topic=/r2/cslam/current_pose_estimate frame=robot2_map pos=(-0.000, 0.000, 0.000)
[pose_graph_manager-6] [INFO] [1777560739.687188287] [r0.cslam_pose_graph_manager]: [DEBUG_BACKEND_PIPELINE] pose_graph received from=1 values=1 edges=0 connected_robots=[] all_received=true
[pose_graph_manager-6] [INFO] [1777560739.704779420] [r0.cslam_pose_graph_manager]: [DEBUG_BACKEND_PIPELINE] pose published topic=/r0/cslam/current_pose_estimate frame=robot0_map pos=(-0.000, 0.000, -0.000)
[pose_graph_manager-6] [INFO] [1777560739.762183408] [r0.cslam_pose_graph_manager]: [DEBUG_BACKEND_PIPELINE] optimizer state -> START_OPTIMIZATION
[pose_graph_manager-6] [INFO] [1777560739.762370355] [r0.cslam_pose_graph_manager]: [DEBUG_BACKEND_PIPELINE] pose_graph connectivity local_connected=[] result={0:true, 1:false, 2:false}
[pose_graph_manager-6] [INFO] [1777560739.762473311] [r0.cslam_pose_graph_manager]: [DEBUG_BACKEND_PIPELINE] aggregate_pose_graphs connected={0:true, 1:false, 2:false} local_values=1 remote_values=0 total_estimates=1 local_factors=0 remote_factors=0 inter_robot_factors=0 total_factors=0
[pose_graph_manager-6] [INFO] [1777560739.762627203] [r0.cslam_pose_graph_manager]: [DEBUG_BACKEND_PIPELINE] starting optimization factors=1 estimates=1
[lidar_handler_node.py-5] [INFO] [1777560739.857037762] [r0.cslam_map_manager]: [DEBUG_LIDAR_PIPELINE] keyframe decision accepted dist=0.6066m threshold=0.6000m
[pose_graph_manager-6] [INFO] [1777560739.862427131] [r0.cslam_pose_graph_manager]: [DEBUG_BACKEND_PIPELINE] optimizer state -> OPTIMIZATION
[pose_graph_manager-6] [INFO] [1777560739.863190681] [r0.cslam_pose_graph_manager]: [DEBUG_BACKEND_PIPELINE] share_optimized_estimates target_robot=1 origin_robot_id=0 filtered_estimates=0 total_estimates=1
[pose_graph_manager-6] [INFO] [1777560739.863832119] [r0.cslam_pose_graph_manager]: [DEBUG_BACKEND_PIPELINE] share_optimized_estimates target_robot=2 origin_robot_id=0 filtered_estimates=0 total_estimates=1
[pose_graph_manager-6] [INFO] [1777560739.863977627] [r0.cslam_pose_graph_manager]: [DEBUG_BACKEND_PIPELINE] share_optimized_estimates target_robot=0 origin_robot_id=0 filtered_estimates=1 total_estimates=1
[pose_graph_manager-14] [WARN] [1777560739.864208608] [r2.cslam_pose_graph_manager]: [DEBUG_BACKEND_PIPELINE] optimized_estimates received empty estimates.
[pose_graph_manager-14] [WARN] [1777560739.864352278] [r2.cslam_pose_graph_manager]: [DEBUG_BACKEND_PIPELINE] optimized_estimates ignored odom_values=1 estimates=0
[pose_graph_manager-6] [INFO] [1777560739.864907389] [r0.cslam_pose_graph_manager]: [DEBUG_BACKEND_PIPELINE] optimized_estimates applied origin_robot_id=0 estimates=1
[cslam_odom_tf_bridge-7] [INFO] [1777560739.878712479] [r0.cslam_odom_tf_bridge]: Optimization finished. Waiting for the next CSLAM pose sample to refresh map->odom.
[pose_graph_manager-10] [WARN] [1777560739.881397646] [r1.cslam_pose_graph_manager]: [DEBUG_BACKEND_PIPELINE] optimized_estimates received empty estimates.
[pose_graph_manager-10] [WARN] [1777560739.881612810] [r1.cslam_pose_graph_manager]: [DEBUG_BACKEND_PIPELINE] optimized_estimates ignored odom_values=1 estimates=0
[pose_graph_manager-6] [INFO] [1777560739.883317203] [r0.cslam_pose_graph_manager]: [DEBUG_BACKEND_PIPELINE] keyframe_odom received count=2 id=1 stamp=68.540000000 frame=r0/odom child=r0/base_link odom_values=1 current_values=1
[lidar_handler_node.py-5] [INFO] [1777560739.884272512] [r0.cslam_map_manager]: [DEBUG_LIDAR_PIPELINE] keyframe created id=1 odom_stamp=68.540000 odom_frame=r0/odom odom_child=r0/base_link downsampled_points=8735
[loop_closure_detection_node.py-4] [INFO] [1777560739.886314509] [r0.cslam_loop_closure_detection]: [DEBUG_LC_PIPELINE] keyframe received count=1 id=1 points=8735
[cslam_odom_tf_bridge-7] [INFO] [1777560739.917424943] [r0.cslam_odom_tf_bridge]: Updated map->odom anchor after optimization global_frame='robot0_map' odom_frame='r0/odom' base_frame='r0/base_link' dt=0.080s translation=(-0.012, -0.012, -0.002)
[pose_graph_manager-6] [INFO] [1777560739.962637175] [r0.cslam_pose_graph_manager]: [DEBUG_BACKEND_PIPELINE] optimizer state -> IDLE
[loop_closure_detection_node.py-4] [INFO] [1777560740.171623856] [r0.cslam_loop_closure_detection]: [DEBUG_LC_PIPELINE] descriptor computed count=1 id=1 dim=1200
[lidar_handler_node.py-9] [INFO] [1777560741.513183123] [r1.cslam_map_manager]: [DEBUG_LIDAR_PIPELINE] sync_cb count=400 pc_stamp=69.280000 odom_stamp=69.280000 abs_dt=0.000000s pc_frame=r1/odom odom_frame=r1/odom odom_child=r1/base_link pc_size=8956 odom_cov00=0.000000
[lidar_handler_node.py-9] [INFO] [1777560741.517058261] [r1.cslam_map_manager]: [DEBUG_LIDAR_PIPELINE] keyframe decision skipped dist=0.0001m threshold=0.6000m
[lidar_handler_node.py-5] [INFO] [1777560741.596217315] [r0.cslam_map_manager]: [DEBUG_LIDAR_PIPELINE] sync_cb count=400 pc_stamp=69.300000 odom_stamp=69.280000 abs_dt=0.020000s pc_frame=r0/odom odom_frame=r0/odom odom_child=r0/base_link pc_size=9542 odom_cov00=0.000000
[lidar_handler_node.py-5] [INFO] [1777560741.600455183] [r0.cslam_map_manager]: [DEBUG_LIDAR_PIPELINE] keyframe decision skipped dist=0.3198m threshold=0.6000m
[lidar_handler_node.py-13] [INFO] [1777560741.713502876] [r2.cslam_map_manager]: [DEBUG_LIDAR_PIPELINE] sync_cb count=400 pc_stamp=69.360000 odom_stamp=69.340000 abs_dt=0.020000s pc_frame=r2/odom odom_frame=r2/odom odom_child=r2/base_link pc_size=9664 odom_cov00=0.000000
[lidar_handler_node.py-13] [INFO] [1777560741.722976563] [r2.cslam_map_manager]: [DEBUG_LIDAR_PIPELINE] keyframe decision skipped dist=0.0001m threshold=0.6000m
[lidar_handler_node.py-13] [INFO] [1777560741.963559920] [r2.cslam_map_manager]: [DEBUG_LIDAR_PIPELINE] status sync_cb=402 sync_ok=402 sync_reject_cov=0 queued_pairs=0 processed_pairs=402 keyframes=1 last_abs_dt_s=0.020000
[lidar_handler_node.py-9] [INFO] [1777560742.017324955] [r1.cslam_map_manager]: [DEBUG_LIDAR_PIPELINE] status sync_cb=408 sync_ok=408 sync_reject_cov=0 queued_pairs=0 processed_pairs=408 keyframes=1 last_abs_dt_s=0.000000
[lidar_handler_node.py-5] [INFO] [1777560742.240431917] [r0.cslam_map_manager]: [DEBUG_LIDAR_PIPELINE] status sync_cb=411 sync_ok=411 sync_reject_cov=0 queued_pairs=0 processed_pairs=411 keyframes=2 last_abs_dt_s=0.020000
[lidar_handler_node.py-5] [INFO] [1777560743.616617648] [r0.cslam_map_manager]: [DEBUG_LIDAR_PIPELINE] keyframe decision accepted dist=0.6038m threshold=0.6000m
[loop_closure_detection_node.py-4] [INFO] [1777560743.651668891] [r0.cslam_loop_closure_detection]: [DEBUG_LC_PIPELINE] keyframe received count=2 id=2 points=8717
[lidar_handler_node.py-5] [INFO] [1777560743.653859302] [r0.cslam_map_manager]: [DEBUG_LIDAR_PIPELINE] keyframe created id=2 odom_stamp=69.960000 odom_frame=r0/odom odom_child=r0/base_link downsampled_points=8717
[pose_graph_manager-6] [INFO] [1777560743.659241395] [r0.cslam_pose_graph_manager]: [DEBUG_BACKEND_PIPELINE] keyframe_odom received count=3 id=2 stamp=69.960000000 frame=r0/odom child=r0/base_link odom_values=2 current_values=1
[loop_closure_detection_node.py-4] [INFO] [1777560744.040902394] [r0.cslam_loop_closure_detection]: [DEBUG_LC_PIPELINE] descriptor computed count=2 id=2 dim=1200
[lidar_handler_node.py-9] [INFO] [1777560744.263292179] [r1.cslam_map_manager]: [DEBUG_LIDAR_PIPELINE] sync_cb count=450 pc_stamp=70.280000 odom_stamp=70.280000 abs_dt=0.000000s pc_frame=r1/odom odom_frame=r1/odom odom_child=r1/base_link pc_size=8933 odom_cov00=0.000000
[lidar_handler_node.py-9] [INFO] [1777560744.276226731] [r1.cslam_map_manager]: [DEBUG_LIDAR_PIPELINE] keyframe decision skipped dist=0.0001m threshold=0.6000m
[lidar_handler_node.py-5] [INFO] [1777560744.318838193] [r0.cslam_map_manager]: [DEBUG_LIDAR_PIPELINE] sync_cb count=450 pc_stamp=70.300000 odom_stamp=70.280000 abs_dt=0.020000s pc_frame=r0/odom odom_frame=r0/odom odom_child=r0/base_link pc_size=9522 odom_cov00=0.000000
[lidar_handler_node.py-5] [INFO] [1777560744.336811287] [r0.cslam_map_manager]: [DEBUG_LIDAR_PIPELINE] keyframe decision skipped dist=0.1456m threshold=0.6000m
[lidar_handler_node.py-13] [INFO] [1777560744.443249623] [r2.cslam_map_manager]: [DEBUG_LIDAR_PIPELINE] sync_cb count=450 pc_stamp=70.360000 odom_stamp=70.340000 abs_dt=0.020000s pc_frame=r2/odom odom_frame=r2/odom odom_child=r2/base_link pc_size=9667 odom_cov00=0.000000
[lidar_handler_node.py-13] [INFO] [1777560744.445582874] [r2.cslam_map_manager]: [DEBUG_LIDAR_PIPELINE] keyframe decision skipped dist=0.0001m threshold=0.6000m
[pose_graph_manager-10] [INFO] [1777560744.645053737] [r1.cslam_pose_graph_manager]: [DEBUG_BACKEND_PIPELINE] pose published topic=/r1/cslam/current_pose_estimate frame=robot1_map pos=(0.000, 0.000, 0.000)
[pose_graph_manager-14] [INFO] [1777560744.682740749] [r2.cslam_pose_graph_manager]: [DEBUG_BACKEND_PIPELINE] pose published topic=/r2/cslam/current_pose_estimate frame=robot2_map pos=(-0.000, 0.000, 0.000)
[pose_graph_manager-6] [INFO] [1777560744.706977064] [r0.cslam_pose_graph_manager]: [DEBUG_BACKEND_PIPELINE] pose published topic=/r0/cslam/current_pose_estimate frame=robot0_map pos=(0.693, 0.984, -0.030)
